// Jest Snapshot v1, https://goo.gl/fbAQLP

exports[`Render works correctly 1`] = `
<div>
  buttons
</div>
`;
